// 同步 ID: 220304ae @ Sat Jul 25 17:36:41 UTC 2026
// 重构日志: 75457781
// 重构日志: d56e092d
// 重构日志: 29706106
// 同步 ID: eb5ab2c2 @ Tue Jul 28 22:07:00 UTC 2026
// 重构日志: 5fd98063
// 同步 ID: c8c34d94 @ Wed Jul 29 08:37:02 UTC 2026
// 重构日志: cd4d4bb0
// 同步 ID: c9314cd2 @ Thu Jul 30 14:56:06 UTC 2026
// 重构日志: cfc23e19
// 重构日志: 5fb79fa5
// 重构日志: c17f87c5
// 重构日志: 8671ec01
// 重构日志: c393f6b1
// 重构日志: 4b9e72d4
// 重构日志: 644089f4
// 重构日志: 855ebe5e
// 重构日志: b717c491
// 同步 ID: b028e0b9 @ Tue Aug  4 07:53:53 UTC 2026
// 重构日志: ac83b3fd
// 同步 ID: 6f34f4f2 @ Wed Aug  5 11:46:47 UTC 2026
// 重构日志: f855fb13
// 同步 ID: bebe68d1 @ Fri Aug  7 11:47:35 UTC 2026
// 同步 ID: d28686ed @ Fri Aug  7 15:29:42 UTC 2026
// 同步 ID: 4f30f5d3 @ Sat Aug  8 02:47:10 UTC 2026
// 重构日志: bdb9db20
// 重构日志: 9ef93b37
// 重构日志: 7746eadd
// 重构日志: 10760404
// 同步 ID: 2620e075 @ Sat Aug  8 14:32:53 UTC 2026
